{
  "forms": {},
  "schedules": [],
  "tasks": {
    "rules": {},
    "isDeclarative": true,
    "schedules": {},
    "targets": {
      "enabled": true,
      "items": []
    }
  },
  "purge": {}
} 