{
  "locale": "en",
  "locales": [
    {
      "code": "en",
      "name": "English"
    },
    {
      "code": "es",
      "name": "Espa√±ol (Spanish)"
    }
  ],
  "kujua-reporting": [
    {
      "code": "SS",
      "reporting_freq": "monthly"
    }
  ],
  "assetlinks": [
    {
      "relation": [
        "delegate_permission/common.handle_all_urls"
      ],
      "target": {
        "namespace": "android_app",
        "package_name": "org.medicmobile.webapp.mobile",
        "sha256_cert_fingerprints": [
          "62:BF:C1:78:24:D8:4D:5C:B4:E1:8B:66:98:EA:14:16:57:6F:A4:E5:96:CD:93:81:B2:65:19:71:A7:80:EA:4D"
        ]
      }
    },
    {
      "relation": [
        "delegate_permission/common.handle_all_urls"
      ],
      "target": {
        "namespace": "android_app",
        "package_name": "org.medicmobile.something.else",
        "sha256_cert_fingerprints": [
          "asdf",
          "zxcvbn"
        ]
      }
    }
  ],
  "contact_summary": "",
  "tasks": {
    "rules": "",
    "targets": {}
  }
}
